../Core/Src/Application/TerminalEmulatorSupport.c:53:6:printColor	24	static
../Core/Src/Application/TerminalEmulatorSupport.c:82:6:terminal_ClearScreen	8	static
../Core/Src/Application/TerminalEmulatorSupport.c:97:6:terminal_CursorBackSpace	8	static
../Core/Src/Application/TerminalEmulatorSupport.c:112:6:terminal_SetDefaultColorPalette	8	static
../Core/Src/Application/TerminalEmulatorSupport.c:123:6:terminal_SetDefaultForegroundColor	8	static
../Core/Src/Application/TerminalEmulatorSupport.c:130:6:terminal_SetRedForeground	8	static
../Core/Src/Application/TerminalEmulatorSupport.c:136:6:terminal_SetBrightRedForeground	8	static
../Core/Src/Application/TerminalEmulatorSupport.c:142:6:terminal_SetGreenForeground	8	static
../Core/Src/Application/TerminalEmulatorSupport.c:148:6:terminal_SetBrightGreenForeground	8	static
../Core/Src/Application/TerminalEmulatorSupport.c:154:6:terminal_SetYellowForeground	8	static
../Core/Src/Application/TerminalEmulatorSupport.c:160:6:terminal_SetBrightYellowForeground	8	static
../Core/Src/Application/TerminalEmulatorSupport.c:166:6:terminal_SetBlueForeground	8	static
../Core/Src/Application/TerminalEmulatorSupport.c:172:6:terminal_SetBrightBlueForeground	8	static
../Core/Src/Application/TerminalEmulatorSupport.c:181:6:terminal_SetGreenBrackground	8	static
../Core/Src/Application/TerminalEmulatorSupport.c:186:6:terminal_SetBrightGreenBrackground	8	static
../Core/Src/Application/TerminalEmulatorSupport.c:193:6:printRed	16	static
../Core/Src/Application/TerminalEmulatorSupport.c:200:6:printBrightRed	16	static
../Core/Src/Application/TerminalEmulatorSupport.c:207:6:printGreen	16	static
../Core/Src/Application/TerminalEmulatorSupport.c:214:6:printBrightGreen	16	static
../Core/Src/Application/TerminalEmulatorSupport.c:221:6:printYellow	16	static
../Core/Src/Application/TerminalEmulatorSupport.c:228:6:printBrightYellow	16	static
../Core/Src/Application/TerminalEmulatorSupport.c:235:6:printBlue	16	static
../Core/Src/Application/TerminalEmulatorSupport.c:242:6:printBrightBlue	16	static
